../Core/Src/sim800l.c:20:13:SIM800_SendString	16	static
../Core/Src/sim800l.c:25:13:SIM800_SendData	16	static
../Core/Src/sim800l.c:34:22:SIM800_WaitFor	288	static
../Core/Src/sim800l.c:64:22:SIM800_SendCmdWait	24	static
../Core/Src/sim800l.c:74:15:SIM800_Init	16	static
../Core/Src/sim800l.c:102:15:SIM800_Call	80	static
../Core/Src/sim800l.c:110:15:SIM800_HangUp	8	static
../Core/Src/sim800l.c:117:15:SIM800_SendSMS	88	static
../Core/Src/sim800l.c:149:15:SIM800_SetupGPRS	128	static
../Core/Src/sim800l.c:184:22:SIM800_HTTPRead	40	static
../Core/Src/sim800l.c:221:15:SIM800_HTTPGet	160	static
../Core/Src/sim800l.c:256:15:SIM800_HTTPPost	192	static
